{
  "version": "1.5.0",
  "plugins_used": [
    {
      "name": "ArtifactoryDetector"
    },
    {
      "name": "AWSKeyDetector"
    },
    {
      "name": "AzureStorageKeyDetector"
    },
    {
      "name": "Base64HighEntropyString",
      "limit": 4.5
    },
    {
      "name": "BasicAuthDetector"
    },
    {
      "name": "CloudantDetector"
    },
    {
      "name": "DiscordBotTokenDetector"
    },
    {
      "name": "GitHubTokenDetector"
    },
    {
      "name": "GitLabTokenDetector"
    },
    {
      "name": "HexHighEntropyString",
      "limit": 3.0
    },
    {
      "name": "IbmCloudIamDetector"
    },
    {
      "name": "IbmCosHmacDetector"
    },
    {
      "name": "IPPublicDetector"
    },
    {
      "name": "JwtTokenDetector"
    },
    {
      "name": "KeywordDetector",
      "keyword_exclude": ""
    },
    {
      "name": "MailchimpDetector"
    },
    {
      "name": "NpmDetector"
    },
    {
      "name": "OpenAIDetector"
    },
    {
      "name": "PrivateKeyDetector"
    },
    {
      "name": "PypiTokenDetector"
    },
    {
      "name": "SendGridDetector"
    },
    {
      "name": "SlackDetector"
    },
    {
      "name": "SoftlayerDetector"
    },
    {
      "name": "SquareOAuthDetector"
    },
    {
      "name": "StripeDetector"
    },
    {
      "name": "TelegramBotTokenDetector"
    },
    {
      "name": "TwilioKeyDetector"
    }
  ],
  "filters_used": [
    {
      "path": "detect_secrets.filters.allowlist.is_line_allowlisted"
    },
    {
      "path": "detect_secrets.filters.common.is_baseline_file",
      "filename": ".secrets.baseline"
    },
    {
      "path": "detect_secrets.filters.common.is_ignored_due_to_verification_policies",
      "min_level": 2
    },
    {
      "path": "detect_secrets.filters.heuristic.is_indirect_reference"
    },
    {
      "path": "detect_secrets.filters.heuristic.is_likely_id_string"
    },
    {
      "path": "detect_secrets.filters.heuristic.is_lock_file"
    },
    {
      "path": "detect_secrets.filters.heuristic.is_not_alphanumeric_string"
    },
    {
      "path": "detect_secrets.filters.heuristic.is_potential_uuid"
    },
    {
      "path": "detect_secrets.filters.heuristic.is_prefixed_with_dollar_sign"
    },
    {
      "path": "detect_secrets.filters.heuristic.is_sequential_string"
    },
    {
      "path": "detect_secrets.filters.heuristic.is_swagger_file"
    },
    {
      "path": "detect_secrets.filters.heuristic.is_templated_secret"
    }
  ],
  "results": {
    ".env.example": [
      {
        "type": "Basic Auth Credentials",
        "filename": ".env.example",
        "hashed_secret": "afc848c316af1a89d49826c5ae9d00ed769415f3",
        "is_verified": false,
        "line_number": 7
      }
    ],
    ".github/workflows/ci.yml": [
      {
        "type": "Basic Auth Credentials",
        "filename": ".github/workflows/ci.yml",
        "hashed_secret": "afc848c316af1a89d49826c5ae9d00ed769415f3",
        "is_verified": false,
        "line_number": 21
      },
      {
        "type": "Secret Keyword",
        "filename": ".github/workflows/ci.yml",
        "hashed_secret": "b617c64bb887837462802acfef19cfda6fb87ec5",
        "is_verified": false,
        "line_number": 22
      },
      {
        "type": "Secret Keyword",
        "filename": ".github/workflows/ci.yml",
        "hashed_secret": "afc848c316af1a89d49826c5ae9d00ed769415f3",
        "is_verified": false,
        "line_number": 37
      },
      {
        "type": "Secret Keyword",
        "filename": ".github/workflows/ci.yml",
        "hashed_secret": "d019ffbb5553461ef5f26c2e2f86491898884b87",
        "is_verified": false,
        "line_number": 91
      }
    ],
    "alembic.ini": [
      {
        "type": "Basic Auth Credentials",
        "filename": "alembic.ini",
        "hashed_secret": "9d4e1e23bd5b727046a9e3b4b7db57bd8d6ee684",
        "is_verified": false,
        "line_number": 89
      }
    ],
    "alembic/versions/1f41e9d3550c_update_user_table.py": [
      {
        "type": "Hex High Entropy String",
        "filename": "alembic/versions/1f41e9d3550c_update_user_table.py",
        "hashed_secret": "8c63c7e47579edb77da81bb798f87da2a65d939a",
        "is_verified": false,
        "line_number": 16
      }
    ],
    "alembic/versions/2d9d6c357408_add_revoked_token_table.py": [
      {
        "type": "Hex High Entropy String",
        "filename": "alembic/versions/2d9d6c357408_add_revoked_token_table.py",
        "hashed_secret": "76ac8ca693c629ccd99614a967e3f3f01acf852c",
        "is_verified": false,
        "line_number": 16
      }
    ],
    "alembic/versions/42275bfc1260_create_user_table.py": [
      {
        "type": "Hex High Entropy String",
        "filename": "alembic/versions/42275bfc1260_create_user_table.py",
        "hashed_secret": "3c5f7083f0fc35928421e7543f1c2ed0af3d7de1",
        "is_verified": false,
        "line_number": 16
      }
    ],
    "alembic/versions/b7f3a9c1d2e4_add_outbox_events_table.py": [
      {
        "type": "Hex High Entropy String",
        "filename": "alembic/versions/b7f3a9c1d2e4_add_outbox_events_table.py",
        "hashed_secret": "9a904713e372644dd5ce380d4aaec94ef7fdbf91",
        "is_verified": false,
        "line_number": 17
      }
    ],
    "alembic/versions/e64abc0807d1_add_is_verified_column_in_the_user_table.py": [
      {
        "type": "Hex High Entropy String",
        "filename": "alembic/versions/e64abc0807d1_add_is_verified_column_in_the_user_table.py",
        "hashed_secret": "f922f131917242c669dce369463a04fdef1b51af",
        "is_verified": false,
        "line_number": 16
      }
    ],
    "alembic/versions/f0589143e900_adding_scopes_column_in_the_users_table.py": [
      {
        "type": "Hex High Entropy String",
        "filename": "alembic/versions/f0589143e900_adding_scopes_column_in_the_users_table.py",
        "hashed_secret": "50027cb150887422080d7ed1c705f21bf07fce0e",
        "is_verified": false,
        "line_number": 15
      }
    ],
    "docker-compose.yml": [
      {
        "type": "Secret Keyword",
        "filename": "docker-compose.yml",
        "hashed_secret": "bb9c689a3fd47cf99db514a6382110a38672f704",
        "is_verified": false,
        "line_number": 8
      }
    ],
    "tests/test_auth_domain.py": [
      {
        "type": "Secret Keyword",
        "filename": "tests/test_auth_domain.py",
        "hashed_secret": "a4b48a81cdab1e1a5dd37907d6c85ca1c61ddc7c",
        "is_verified": false,
        "line_number": 52
      },
      {
        "type": "Secret Keyword",
        "filename": "tests/test_auth_domain.py",
        "hashed_secret": "3179a65eff2523bbde53c99b299b719c10a35235",
        "is_verified": false,
        "line_number": 63
      }
    ],
    "tests/test_outbox.py": [
      {
        "type": "Secret Keyword",
        "filename": "tests/test_outbox.py",
        "hashed_secret": "32cd8441cda59b0eeb1eb14f9e79ff4c2bb94d0b",
        "is_verified": false,
        "line_number": 170
      }
    ],
    "tests/test_problem_details.py": [
      {
        "type": "Secret Keyword",
        "filename": "tests/test_problem_details.py",
        "hashed_secret": "d894a971d8e3bfe77f511758e6499caa4a627df0",
        "is_verified": false,
        "line_number": 44
      }
    ],
    "tests/test_seed.py": [
      {
        "type": "Secret Keyword",
        "filename": "tests/test_seed.py",
        "hashed_secret": "59a1171a29d1cba1ddef6291fe01453f8e1a0e2c",
        "is_verified": false,
        "line_number": 9
      }
    ],
    "tests/test_signup_atomicity.py": [
      {
        "type": "Secret Keyword",
        "filename": "tests/test_signup_atomicity.py",
        "hashed_secret": "32cd8441cda59b0eeb1eb14f9e79ff4c2bb94d0b",
        "is_verified": false,
        "line_number": 43
      }
    ],
    "tests/test_transactional_isolation.py": [
      {
        "type": "Secret Keyword",
        "filename": "tests/test_transactional_isolation.py",
        "hashed_secret": "4255bcff9f91b6d5d24716aac695f9b7155dd8ef",
        "is_verified": false,
        "line_number": 14
      }
    ],
    "tests/test_user_domain.py": [
      {
        "type": "Secret Keyword",
        "filename": "tests/test_user_domain.py",
        "hashed_secret": "d8bb04dddbecd3eb0eaa36481f878a4a60caeabc",
        "is_verified": false,
        "line_number": 180
      },
      {
        "type": "Secret Keyword",
        "filename": "tests/test_user_domain.py",
        "hashed_secret": "c15cff1a9f034b1d4bcff53659c14fba96b1af93",
        "is_verified": false,
        "line_number": 213
      }
    ]
  },
  "generated_at": "2026-09-29T17:02:19Z"
}
